// Vitest Snapshot v1

exports[`test GifItem component > should match GifItem component with Snapshot 1`] = `
<div>
  <div
    class="items-center flex justify-center flex-col bg-[#ccd6f6] rounded-md mb-[20px] h-[0%] mr-[20px]"
  >
    <img
      alt="Test Title"
      class="w-full rounded-t-md"
      src="https://test.url/"
    />
    <p
      class="text-[#0a192f]"
    >
      Test Title
    </p>
  </div>
</div>
`;
